I'm sorry, but errors were detected in your script. Please correct the
errors listed below, and try again.


File "game/script.rpy", line 141: is not terminated with a newline. (Check strings and parenthesis.)
(Perhaps you left out a " at the end of the first line.)
        j "That's right! We're takin' 'is fight...""

Ren'Py Version: Ren'Py 7.4.11.2266
Sun Jan 16 16:11:17 2022
